#SHAPE=<7>
1.000000 0.107143 1.535714 0.714286 1.071429 0.535714 0.035714
