cannot project from one number of dimensions (1) to another (2)
