#SHAPE=<3/3>
1.000000 1.000000 1.500000 0.500000 0.500000 0.000000 0.500000 0.000000 0.000000
