[sfs  warn] sample sample1000 was not found in input file
