number of precision specifiers must equal one or the number of statistics (found 2 precision specifiers and 3 statistics)
