cannot project from count 11 to count 12 in dimension 0
