[sfs  warn] Skipping record at position 'chr1:1' due to missing genotype. This error will be shown only once, with a summary at the end.
[sfs  warn] Skipped 2 records due to missing genotype.
