#SHAPE=<5/5>
0.5 0.8 0.6 1.1 0.6 0.8 0.6 1.4 0.6 NaN 0.4 0.6 0.2 NaN NaN 0.8 0.6 NaN NaN NaN 0.6 NaN NaN NaN NaN
